Microchip MPLAB XC8 Compiler V1.33 ()

Linker command line:

--edf=C:\Program Files (x86)\Microchip\xc8\v1.33\dat\en_msgs.txt -cs \
  -h+Finau.sym --cmf=Finau.cmf -z -Q16F877A \
  -oC:\Users\Ricardo\AppData\Local\Temp\scc.6 -MFinau.map -E1 -ver=XC8 \
  -ASTACK=0110h-016fh -pstack=STACK -ACONST=00h-0FFhx32 -ACODE=00h-07FFhx4 \
  -ASTRCODE=00h-01FFFh -AENTRY=00h-0FFhx32 -ASTRING=00h-0FFhx32 \
  -ACOMMON=070h-07Fh -ABANK0=020h-06Fh -ABANK1=0A0h-0EFh \
  -ABANK2=0110h-016Fh -ABANK3=0190h-01EFh \
  -ARAM=020h-06Fh,0A0h-0EFh,0110h-016Fh,0190h-01EFh \
  -AABS1=020h-07Fh,0A0h-0EFh,0110h-016Fh,0190h-01EFh -ASFR0=00h-01Fh \
  -ASFR1=080h-09Fh -ASFR2=0100h-010Fh -ASFR3=0180h-018Fh \
  -preset_vec=00h,intentry=04h,init,end_init -ppowerup=CODE -pcinit=CODE \
  -pfunctab=CODE -ACONFIG=02007h-02007h -pconfig=CONFIG -DCONFIG=2 \
  -AIDLOC=02000h-02003h -pidloc=IDLOC -DIDLOC=2 -AEEDATA=00h-0FFh/02100h \
  -peeprom_data=EEDATA -DEEDATA=2 -DCODE=2 -DSTRCODE=2 -DSTRING=2 -DCONST=2 \
  -DENTRY=2 -k startup.obj Finau.obj 

Object code version is 3.11

Machine type is 16F877A



                Name                               Link     Load   Length Selector   Space Scale
startup.obj     end_init                             12       12        3        8       0
                reset_vec                             0        0        3        0       0
                config                             2007     2007        1     400E       0
Finau.obj       cinit                                15       15       13        8       0
                intentry                              4        4        E        8       0
                text25                              E36      E36        C     1C6C       0
                text24                              E6E      E6E       12     1CDC       0
                text23                              E96      E96       18     1D2C       0
                text22                              E50      E50        F     1CA0       0
                text21                              ECA      ECA       23     1D94       0
                text20                              E80      E80       16     1D00       0
                text19                              FA9      FA9       57     1F52       0
                text18                              E5F      E5F        F     1CBE       0
                text17                              EED      EED       23     1DDA       0
                text16                              687      687       6E        8       0
                text15                              7E5      7E5       18        8       0
                text14                              6F5      6F5       61        8       0
                text13                              46C      46C       D3        8       0
                text12                              E26      E26        8     1C4C       0
                text11                              264      264      109        8       0
                text10                              EAE      EAE       1C     1D5C       0
                text9                               5F9      5F9       8E        8       0
                text8                               7B6      7B6       2F        8       0
                text7                               756      756       60        8       0
                text6                               F5B      F5B       4E     1EB6       0
                text5                               F10      F10       23     1E20       0
                text4                               E42      E42        E     1C84       0
                text3                                28       28      23C        8       0
                text2                               53F      53F       BA        8       0
                text1                               F33      F33       28     1E66       0
                maintext                            36D      36D       FF        8       0
                cstackBANK0                          20       20       3F       20       1
                cstackCOMMON                         70       70        A       70       1
                clrtext                             E2E      E2E        8     1C5C       0
                bssBANK1                             A0       A0       11       A0       1
                bssBANK0                             5F       5F        8       20       1
                strings                             800      800       54     1000       0

TOTAL           Name                               Link     Load   Length     Space
        CLASS   STACK          

        CLASS   CONST          

        CLASS   CODE           
                end_init                             12       12        3         0
                cinit                                15       15       13         0
                intentry                              4        4        E         0
                reset_vec                             0        0        3         0
                text25                              E36      E36        C         0
                text24                              E6E      E6E       12         0
                text23                              E96      E96       18         0
                text22                              E50      E50        F         0
                text21                              ECA      ECA       23         0
                text20                              E80      E80       16         0
                text19                              FA9      FA9       57         0
                text18                              E5F      E5F        F         0
                text17                              EED      EED       23         0
                text16                              687      687       6E         0
                text15                              7E5      7E5       18         0
                text14                              6F5      6F5       61         0
                text13                              46C      46C       D3         0
                text12                              E26      E26        8         0
                text11                              264      264      109         0
                text10                              EAE      EAE       1C         0
                text9                               5F9      5F9       8E         0
                text8                               7B6      7B6       2F         0
                text7                               756      756       60         0
                text6                               F5B      F5B       4E         0
                text5                               F10      F10       23         0
                text4                               E42      E42        E         0
                text3                                28       28      23C         0
                text2                               53F      53F       BA         0
                text1                               F33      F33       28         0
                maintext                            36D      36D       FF         0
                clrtext                             E2E      E2E        8         0

        CLASS   STRCODE        

        CLASS   ENTRY          

        CLASS   STRING         
                strings                             800      800       54         0

        CLASS   COMMON         
                cstackCOMMON                         70       70        A         1

        CLASS   BANK0          
                cstackBANK0                          20       20       3F         1
                bssBANK0                             5F       5F        8         1

        CLASS   BANK1          
                bssBANK1                             A0       A0       11         1

        CLASS   BANK2          

        CLASS   BANK3          

        CLASS   RAM            

        CLASS   ABS1           
                abs_s1                               7E       7E        2         1

        CLASS   SFR0           

        CLASS   SFR1           

        CLASS   SFR2           

        CLASS   SFR3           

        CLASS   CONFIG         
                config                             2007     2007        1         0

        CLASS   IDLOC          

        CLASS   EEDATA         



SEGMENTS        Name                           Load    Length   Top    Selector   Space  Class     Delta

                reset_vec                      000000  000003  000003         0       0  CODE        2
                intentry                       000004  0007F9  0007FD         8       0  CODE        2
                cstackBANK0                    000020  000047  000067        20       1  BANK0       1
                cstackCOMMON                   000070  00000A  00007A        70       1  COMMON      1
                bssBANK1                       0000A0  000011  0000B1        A0       1  BANK1       1
                strings                        000800  000054  000854      1000       0  STRING      2
                text12                         000E26  000008  000E2E      1C4C       0  CODE        2
                clrtext                        000E2E  000008  000E36      1C5C       0  CODE        2
                text25                         000E36  00000C  000E42      1C6C       0  CODE        2
                text4                          000E42  00000E  000E50      1C84       0  CODE        2
                text22                         000E50  00000F  000E5F      1CA0       0  CODE        2
                text18                         000E5F  00000F  000E6E      1CBE       0  CODE        2
                text24                         000E6E  000012  000E80      1CDC       0  CODE        2
                text20                         000E80  000016  000E96      1D00       0  CODE        2
                text23                         000E96  000018  000EAE      1D2C       0  CODE        2
                text10                         000EAE  00001C  000ECA      1D5C       0  CODE        2
                text21                         000ECA  000023  000EED      1D94       0  CODE        2
                text17                         000EED  000023  000F10      1DDA       0  CODE        2
                text5                          000F10  000023  000F33      1E20       0  CODE        2
                text1                          000F33  000028  000F5B      1E66       0  CODE        2
                text6                          000F5B  00004E  000FA9      1EB6       0  CODE        2
                text19                         000FA9  000057  001000      1F52       0  CODE        2
                config                         002007  000001  002008      400E       0  CONFIG      2


UNUSED ADDRESS RANGES

        Name                Unused          Largest block    Delta
        BANK0            0067-006F              9           1
        BANK1            00B1-00EF             3F           1
        BANK2            0110-016F             60           1
        BANK3            0190-01EF             60           1
        CODE             0003-0003              1           2
                         07FD-07FF              3
                         0854-0E25            5D2
                         1000-1FFF            800
        COMMON           007A-007D              4           1
        CONST            0003-0003              1           2
                         07FD-07FF              3
                         0854-0E25            100
                         1000-1FFF            100
        EEDATA           2100-21FF            100           2
        ENTRY            0003-0003              1           2
                         07FD-07FF              3
                         0854-0E25            100
                         1000-1FFF            100
        IDLOC            2000-2003              4           2
        RAM              0067-006F              9           1
                         00B1-00EF             3F
                         0110-016F             60
                         0190-01EF             60
        SFR0             0000-001F             20           1
        SFR1             0080-009F             20           1
        SFR2             0100-010F             10           1
        SFR3             0180-018F             10           1
        STACK            0110-016F             60           1
        STRCODE          0003-0003              1           2
                         07FD-07FF              3
                         0854-0E25            5D2
                         1000-1FFF           1000
        STRING           0003-0003              1           2
                         07FD-07FF              3
                         0854-0E25            100
                         1000-1FFF            100

                                  Symbol Table

?___ftadd                 cstackBANK0  0023
?___ftmul                 cstackBANK0  0026
?___ftneg                 cstackCOMMON 0074
?___ftpack                cstackCOMMON 0074
?___ftsub                 cstackBANK0  0030
?___fttol                 cstackBANK0  0036
?___lldiv                 cstackBANK0  0020
?___llmod                 cstackBANK0  0028
?___lltoft                cstackBANK0  0023
?___lwtoft                cstackBANK0  0023
?___wmul                  cstackCOMMON 0074
?_sprintf                 cstackBANK0  0032
?_strlen                  cstackCOMMON 0074
ADC_Read@channel          cstackCOMMON 0074
LCD_Cursor@Col            cstackCOMMON 0074
LCD_Cursor@Row            cstackCOMMON 0076
LCD_WriteCmd@Byte         cstackCOMMON 0075
LCD_WriteData@Byte        cstackCOMMON 0075
LCD_WriteString@Str       cstackCOMMON 0076
_ADCON0bits               (abs)        001F
_ADCON1bits               (abs)        009F
_ADCResult                bssBANK0     0062
_ADC_Init                 text24       0E6E
_ADC_Read                 text23       0E96
_ADRESH                   (abs)        001E
_ADRESL                   (abs)        009E
_INTCONbits               (abs)        000B
_ISR                      text25       0E36
_LCD_Clear                text21       0ECA
_LCD_Cursor               text20       0E80
_LCD_Init                 text19       0FA9
_LCD_WriteCmd             text22       0E50
_LCD_WriteData            text18       0E5F
_LCD_WriteString          text17       0EED
_PIE1bits                 (abs)        008C
_PIR1bits                 (abs)        000C
_PORTA                    (abs)        0005
_PORTB                    (abs)        0006
_PORTC                    (abs)        0007
_PORTD                    (abs)        0008
_PORTE                    (abs)        0009
_PORTEbits                (abs)        0009
_TRISA                    (abs)        0085
_TRISB                    (abs)        0086
_TRISC                    (abs)        0087
_TRISD                    (abs)        0088
_TRISE                    (abs)        0089
__CFG_BOREN$OFF           (abs)        0000
__CFG_CP$OFF              (abs)        0000
__CFG_CPD$OFF             (abs)        0000
__CFG_FOSC$HS             (abs)        0000
__CFG_LVP$OFF             (abs)        0000
__CFG_PWRTE$ON            (abs)        0000
__CFG_WDTE$OFF            (abs)        0000
__Habs1                   abs1         0000
__Hbank0                  bank0        0000
__Hbank1                  bank1        0000
__Hbank2                  bank2        0000
__Hbank3                  bank3        0000
__HbssBANK0               bssBANK0     0000
__HbssBANK1               bssBANK1     0000
__Hcinit                  cinit        0028
__Hclrtext                clrtext      0000
__Hcode                   code         0000
__Hcommon                 common       0000
__Hconfig                 config       2008
__HcstackBANK0            cstackBANK0  0000
__HcstackCOMMON           cstackCOMMON 0000
__Heeprom_data            eeprom_data  0000
__Hend_init               end_init     0015
__Hfunctab                functab      0000
__Hidloc                  idloc        0000
__Hinit                   init         0012
__Hintentry               intentry     0012
__Hmaintext               maintext     0000
__Hpowerup                powerup      0000
__Hram                    ram          0000
__Hreset_vec              reset_vec    0003
__Hsfr0                   sfr0         0000
__Hsfr1                   sfr1         0000
__Hsfr2                   sfr2         0000
__Hsfr3                   sfr3         0000
__Hspace_0                (abs)        2008
__Hspace_1                (abs)        00B1
__Hspace_2                (abs)        0000
__Hspace_3                (abs)        0000
__Hstack                  stack        0000
__Hstrings                strings      0000
__Htext                   text         0000
__Labs1                   abs1         0000
__Lbank0                  bank0        0000
__Lbank1                  bank1        0000
__Lbank2                  bank2        0000
__Lbank3                  bank3        0000
__LbssBANK0               bssBANK0     0000
__LbssBANK1               bssBANK1     0000
__Lcinit                  cinit        0015
__Lclrtext                clrtext      0000
__Lcode                   code         0000
__Lcommon                 common       0000
__Lconfig                 config       2007
__LcstackBANK0            cstackBANK0  0000
__LcstackCOMMON           cstackCOMMON 0000
__Leeprom_data            eeprom_data  0000
__Lend_init               end_init     0012
__Lfunctab                functab      0000
__Lidloc                  idloc        0000
__Linit                   init         0012
__Lintentry               intentry     0004
__Lmaintext               maintext     0000
__Lpowerup                powerup      0000
__Lram                    ram          0000
__Lreset_vec              reset_vec    0000
__Lsfr0                   sfr0         0000
__Lsfr1                   sfr1         0000
__Lsfr2                   sfr2         0000
__Lsfr3                   sfr3         0000
__Lspace_0                (abs)        0000
__Lspace_1                (abs)        0000
__Lspace_2                (abs)        0000
__Lspace_3                (abs)        0000
__Lstack                  stack        0000
__Lstrings                strings      0000
__Ltext                   text         0000
__S0                      (abs)        2008
__S1                      (abs)        00B1
__S2                      (abs)        0000
__S3                      (abs)        0000
___ftadd                  text11       0264
___ftadd@exp1             cstackBANK0  002F
___ftadd@exp2             cstackBANK0  002E
___ftadd@f1               cstackBANK0  0023
___ftadd@f2               cstackBANK0  0026
___ftadd@sign             cstackBANK0  002D
___ftge                   text14       06F5
___ftge@ff1               cstackCOMMON 0074
___ftge@ff2               cstackCOMMON 0077
___ftmul                  text13       046C
___ftmul@cntr             cstackBANK0  0034
___ftmul@exp              cstackBANK0  0030
___ftmul@f1               cstackBANK0  0026
___ftmul@f2               cstackBANK0  0029
___ftmul@f3_as_product    cstackBANK0  0031
___ftmul@sign             cstackBANK0  0035
___ftneg                  text12       0E26
___ftneg@f1               cstackCOMMON 0074
___ftpack                 text16       0687
___ftpack@arg             cstackCOMMON 0074
___ftpack@exp             cstackCOMMON 0077
___ftpack@sign            cstackCOMMON 0078
___ftsub                  text10       0EAE
___ftsub@f1               cstackBANK0  0033
___ftsub@f2               cstackBANK0  0030
___fttol                  text9        05F9
___fttol@exp1             cstackBANK0  0043
___fttol@f1               cstackBANK0  0036
___fttol@lval             cstackBANK0  003F
___fttol@sign1            cstackBANK0  003E
___int_sp                 stack        0000
___latbits                (abs)        0002
___lldiv                  text7        0756
___lldiv@counter          cstackCOMMON 0079
___lldiv@dividend         cstackBANK0  0024
___lldiv@divisor          cstackBANK0  0020
___lldiv@quotient         cstackCOMMON 0075
___llmod                  text6        0F5B
___llmod@counter          cstackBANK0  0031
___llmod@dividend         cstackBANK0  002C
___llmod@divisor          cstackBANK0  0028
___lltoft                 text8        07B6
___lltoft@c               cstackBANK0  0023
___lltoft@exp             cstackBANK0  0027
___lwtoft                 text15       07E5
___lwtoft@c               cstackBANK0  0023
___sp                     stack        0000
___wmul                   text5        0F10
___wmul@multiplicand      cstackCOMMON 0076
___wmul@multiplier        cstackCOMMON 0074
___wmul@product           cstackCOMMON 0078
__end_of_ADC_Init         text24       0E80
__end_of_ADC_Read         text23       0EAE
__end_of_ISR              text25       0E42
__end_of_LCD_Clear        text21       0EED
__end_of_LCD_Cursor       text20       0E96
__end_of_LCD_Init         text19       1000
__end_of_LCD_WriteCmd     text22       0E5F
__end_of_LCD_WriteData    text18       0E6E
__end_of_LCD_WriteString  text17       0F10
__end_of___ftadd          text11       036D
__end_of___ftge           text14       0756
__end_of___ftmul          text13       053F
__end_of___ftneg          text12       0E2E
__end_of___ftpack         text16       06F5
__end_of___ftsub          text10       0ECA
__end_of___fttol          text9        0687
__end_of___lldiv          text7        07B6
__end_of___llmod          text6        0FA9
__end_of___lltoft         text8        07E5
__end_of___lwtoft         text15       07FD
__end_of___wmul           text5        0F33
__end_of__initialization  cinit        0024
__end_of__stringdata      strings      0854
__end_of__stringtab       strings      0810
__end_of_dpowers          strings      0838
__end_of_ftoa             text2        05F9
__end_of_isdigit          text4        0E50
__end_of_main             maintext     046C
__end_of_sprintf          text3        0264
__end_of_strlen           text1        0F5B
__initialization          cinit        0015
__pbssBANK0               bssBANK0     005F
__pbssBANK1               bssBANK1     00A0
__pcstackBANK0            cstackBANK0  0020
__pcstackCOMMON           cstackCOMMON 0070
__pintentry               intentry     0004
__pmaintext               maintext     036D
__pstrings                strings      0800
__ptext1                  text1        0F33
__ptext10                 text10       0EAE
__ptext11                 text11       0264
__ptext12                 text12       0E26
__ptext13                 text13       046C
__ptext14                 text14       06F5
__ptext15                 text15       07E5
__ptext16                 text16       0687
__ptext17                 text17       0EED
__ptext18                 text18       0E5F
__ptext19                 text19       0FA9
__ptext2                  text2        053F
__ptext20                 text20       0E80
__ptext21                 text21       0ECA
__ptext22                 text22       0E50
__ptext23                 text23       0E96
__ptext24                 text24       0E6E
__ptext25                 text25       0E36
__ptext3                  text3        0028
__ptext4                  text4        0E42
__ptext5                  text5        0F10
__ptext6                  text6        0F5B
__ptext7                  text7        0756
__ptext8                  text8        07B6
__ptext9                  text9        05F9
__size_of_ADC_Init        (abs)        0000
__size_of_ADC_Read        (abs)        0000
__size_of_ISR             (abs)        0000
__size_of_LCD_Clear       (abs)        0000
__size_of_LCD_Cursor      (abs)        0000
__size_of_LCD_Init        (abs)        0000
__size_of_LCD_WriteCmd    (abs)        0000
__size_of_LCD_WriteData   (abs)        0000
__size_of_LCD_WriteString (abs)        0000
__size_of___ftadd         (abs)        0000
__size_of___ftge          (abs)        0000
__size_of___ftmul         (abs)        0000
__size_of___ftneg         (abs)        0000
__size_of___ftpack        (abs)        0000
__size_of___ftsub         (abs)        0000
__size_of___fttol         (abs)        0000
__size_of___lldiv         (abs)        0000
__size_of___llmod         (abs)        0000
__size_of___lltoft        (abs)        0000
__size_of___lwtoft        (abs)        0000
__size_of___wmul          (abs)        0000
__size_of_ftoa            (abs)        0000
__size_of_isdigit         (abs)        0000
__size_of_main            (abs)        0000
__size_of_sprintf         (abs)        0000
__size_of_strlen          (abs)        0000
__stringbase              strings      080F
__stringdata              strings      0838
__stringtab               strings      0800
_display                  bssBANK0     0064
_dpowers                  strings      0810
_ftoa                     text2        053F
_input                    bssBANK0     005F
_isdigit                  text4        0E42
_isdigit$512              cstackCOMMON 0074
_main                     maintext     036D
_sprintf                  text3        0028
_status                   bssBANK0     0065
_strlen                   text1        0F33
btemp                     (abs)        007E
clear_ram0                clrtext      0E2E
end_of_initialization     cinit        0024
ftoa@buf                  bssBANK1     00A0
ftoa@cp                   cstackBANK0  0059
ftoa@f                    cstackBANK0  004C
ftoa@l                    cstackBANK0  0055
ftoa@rem                  cstackBANK0  0051
ftoa@status               cstackBANK0  004F
interrupt_function        intentry     0004
intlevel0                 functab      0000
intlevel1                 functab      0000
intlevel2                 functab      0000
intlevel3                 functab      0000
intlevel4                 functab      0000
intlevel5                 functab      0000
isdigit@c                 cstackCOMMON 0075
ltemp                     (abs)        007E
ltemp0                    (abs)        007E
ltemp1                    (abs)        0082
ltemp2                    (abs)        0086
ltemp3                    (abs)        0080
main@tam                  cstackBANK0  005D
reset_vec                 reset_vec    0000
saved_w                   (abs)        007E
sprintf@_val              cstackBANK0  0042
sprintf@ap                cstackBANK0  0041
sprintf@c                 cstackBANK0  004B
sprintf@f                 cstackBANK0  0032
sprintf@flag              cstackBANK0  0040
sprintf@prec              cstackBANK0  0049
sprintf@sp                cstackBANK0  0046
sprintf@width             cstackBANK0  0047
stackhi                   (abs)        0000
stacklo                   (abs)        0000
start                     init         0012
start_initialization      cinit        0015
strlen@cp                 cstackBANK0  0021
strlen@s                  cstackBANK0  0020
ttemp                     (abs)        007E
ttemp0                    (abs)        007E
ttemp1                    (abs)        0081
ttemp2                    (abs)        0084
ttemp3                    (abs)        0087
ttemp4                    (abs)        007F
wtemp                     (abs)        007E
wtemp0                    (abs)        007E
wtemp1                    (abs)        0080
wtemp2                    (abs)        0082
wtemp3                    (abs)        0084
wtemp4                    (abs)        0086
wtemp5                    (abs)        0088
wtemp6                    (abs)        007F


FUNCTION INFORMATION:

 *************** function _main *****************
 Defined at:
		line 228 in file "C:\Users\Ricardo\Desktop\Trabalho Final Micro\mplab\final.c"
 Parameters:    Size  Location     Type
		None
 Auto vars:     Size  Location     Type
  tam             2   61[BANK0 ] int 
 Return value:  Size  Location     Type
		None               void
 Registers used:
		wreg, fsr0l, fsr0h, status,2, status,0, btemp+1, pclath, cstack
 Tracked objects:
		On entry : 
		On exit  : 
		Unchanged: 
 Data sizes:     COMMON   BANK0   BANK1   BANK3   BANK2
      Params:         0       0       0       0       0
      Locals:         0       2       0       0       0
      Temps:          0       3       0       0       0
      Totals:         0       5       0       0       0
Total ram usage:        5 bytes
 Hardware stack levels required when called:    5
 This function calls:
		_ADC_Init
		_ADC_Read
		_LCD_Clear
		_LCD_Cursor
		_LCD_Init
		_LCD_WriteString
		___ftmul
		___lwtoft
		_ftoa
		_strlen
 This function is called by:
		Startup code after reset
 This function uses a non-reentrant model


 *************** function _strlen *****************
 Defined at:
		line 4 in file "C:\Program Files (x86)\Microchip\xc8\v1.33\sources\common\strlen.c"
 Parameters:    Size  Location     Type
  s               1    wreg     PTR const unsigned char 
		 -> NULL(0), ftoa@buf(17), 
 Auto vars:     Size  Location     Type
  s               1    0[BANK0 ] PTR const unsigned char 
		 -> NULL(0), ftoa@buf(17), 
  cp              1    1[BANK0 ] PTR const unsigned char 
		 -> NULL(0), ftoa@buf(17), 
 Return value:  Size  Location     Type
                  2    4[COMMON] unsigned int 
 Registers used:
		wreg, fsr0l, fsr0h, status,2, status,0
 Tracked objects:
		On entry : 
		On exit  : 
		Unchanged: 
 Data sizes:     COMMON   BANK0   BANK1   BANK3   BANK2
      Params:         2       0       0       0       0
      Locals:         0       2       0       0       0
      Temps:          4       0       0       0       0
      Totals:         6       2       0       0       0
Total ram usage:        8 bytes
 Hardware stack levels used:    1
 Hardware stack levels required when called:    1
 This function calls:
		Nothing
 This function is called by:
		_main
 This function uses a non-reentrant model


 *************** function _ftoa *****************
 Defined at:
		line 6 in file "C:\Program Files (x86)\Microchip\xc8\v1.33\sources\common\ftoa.c"
 Parameters:    Size  Location     Type
  f               3   44[BANK0 ] float 
  status          1   47[BANK0 ] PTR int 
		 -> status(2), 
 Auto vars:     Size  Location     Type
  l               4   53[BANK0 ] unsigned long 
  rem             4   49[BANK0 ] unsigned long 
  cp              1   57[BANK0 ] PTR unsigned char 
		 -> ftoa@buf(17), 
 Return value:  Size  Location     Type
                  1    wreg      PTR unsigned char 
 Registers used:
		wreg, fsr0l, fsr0h, status,2, status,0, pclath, cstack
 Tracked objects:
		On entry : 
		On exit  : 
		Unchanged: 
 Data sizes:     COMMON   BANK0   BANK1   BANK3   BANK2
      Params:         0       4       0       0       0
      Locals:         0       9       0       0       0
      Temps:          0       1       0       0       0
      Totals:         0      14       0       0       0
Total ram usage:       14 bytes
 Hardware stack levels used:    1
 Hardware stack levels required when called:    4
 This function calls:
		___ftge
		___ftmul
		___ftneg
		___ftsub
		___fttol
		___lltoft
		_sprintf
 This function is called by:
		_main
 This function uses a non-reentrant model


 *************** function _sprintf *****************
 Defined at:
		line 492 in file "C:\Program Files (x86)\Microchip\xc8\v1.33\sources\common\doprnt.c"
 Parameters:    Size  Location     Type
  sp              1    wreg     PTR unsigned char 
		 -> ftoa@buf(17), 
  f               1   18[BANK0 ] PTR const unsigned char 
		 -> STR_2(11), 
 Auto vars:     Size  Location     Type
  sp              1   38[BANK0 ] PTR unsigned char 
		 -> ftoa@buf(17), 
  _val            4   34[BANK0 ] struct .
  prec            2   41[BANK0 ] int 
  width           2   39[BANK0 ] int 
  c               1   43[BANK0 ] char 
  ap              1   33[BANK0 ] PTR void [1]
		 -> ?_sprintf(2), 
  flag            1   32[BANK0 ] unsigned char 
 Return value:  Size  Location     Type
                  2   18[BANK0 ] int 
 Registers used:
		wreg, fsr0l, fsr0h, status,2, status,0, pclath, cstack
 Tracked objects:
		On entry : 
		On exit  : 
		Unchanged: 
 Data sizes:     COMMON   BANK0   BANK1   BANK3   BANK2
      Params:         0       9       0       0       0
      Locals:         0      12       0       0       0
      Temps:          0       5       0       0       0
      Totals:         0      26       0       0       0
Total ram usage:       26 bytes
 Hardware stack levels used:    1
 Hardware stack levels required when called:    2
 This function calls:
		___lldiv
		___llmod
		___wmul
		_isdigit
 This function is called by:
		_ftoa
 This function uses a non-reentrant model


 *************** function _isdigit *****************
 Defined at:
		line 8 in file "C:\Program Files (x86)\Microchip\xc8\v1.33\sources\common\isdigit.c"
 Parameters:    Size  Location     Type
  c               1    wreg     unsigned char 
 Auto vars:     Size  Location     Type
  c               1    5[COMMON] unsigned char 
 Return value:  Size  Location     Type
		None               void
 Registers used:
		wreg, status,2, status,0
 Tracked objects:
		On entry : 
		On exit  : 
		Unchanged: 
 Data sizes:     COMMON   BANK0   BANK1   BANK3   BANK2
      Params:         0       0       0       0       0
      Locals:         2       0       0       0       0
      Temps:          0       0       0       0       0
      Totals:         2       0       0       0       0
Total ram usage:        2 bytes
 Hardware stack levels used:    1
 Hardware stack levels required when called:    1
 This function calls:
		Nothing
 This function is called by:
		_sprintf
 This function uses a non-reentrant model


 *************** function ___wmul *****************
 Defined at:
		line 15 in file "C:\Program Files (x86)\Microchip\xc8\v1.33\sources\common\Umul16.c"
 Parameters:    Size  Location     Type
  multiplier      2    4[COMMON] unsigned int 
  multiplicand    2    6[COMMON] unsigned int 
 Auto vars:     Size  Location     Type
  product         2    8[COMMON] unsigned int 
 Return value:  Size  Location     Type
                  2    4[COMMON] unsigned int 
 Registers used:
		wreg, status,2, status,0
 Tracked objects:
		On entry : 
		On exit  : 
		Unchanged: 
 Data sizes:     COMMON   BANK0   BANK1   BANK3   BANK2
      Params:         4       0       0       0       0
      Locals:         2       0       0       0       0
      Temps:          0       0       0       0       0
      Totals:         6       0       0       0       0
Total ram usage:        6 bytes
 Hardware stack levels used:    1
 Hardware stack levels required when called:    1
 This function calls:
		Nothing
 This function is called by:
		_sprintf
 This function uses a non-reentrant model


 *************** function ___llmod *****************
 Defined at:
		line 6 in file "C:\Program Files (x86)\Microchip\xc8\v1.33\sources\common\llmod.c"
 Parameters:    Size  Location     Type
  divisor         4    8[BANK0 ] unsigned long 
  dividend        4   12[BANK0 ] unsigned long 
 Auto vars:     Size  Location     Type
  counter         1   17[BANK0 ] unsigned char 
 Return value:  Size  Location     Type
                  4    8[BANK0 ] unsigned long 
 Registers used:
		wreg, status,2, status,0
 Tracked objects:
		On entry : 
		On exit  : 
		Unchanged: 
 Data sizes:     COMMON   BANK0   BANK1   BANK3   BANK2
      Params:         0       8       0       0       0
      Locals:         0       1       0       0       0
      Temps:          0       1       0       0       0
      Totals:         0      10       0       0       0
Total ram usage:       10 bytes
 Hardware stack levels used:    1
 Hardware stack levels required when called:    1
 This function calls:
		Nothing
 This function is called by:
		_sprintf
 This function uses a non-reentrant model


 *************** function ___lldiv *****************
 Defined at:
		line 6 in file "C:\Program Files (x86)\Microchip\xc8\v1.33\sources\common\lldiv.c"
 Parameters:    Size  Location     Type
  divisor         4    0[BANK0 ] unsigned long 
  dividend        4    4[BANK0 ] unsigned long 
 Auto vars:     Size  Location     Type
  quotient        4    5[COMMON] unsigned long 
  counter         1    9[COMMON] unsigned char 
 Return value:  Size  Location     Type
                  4    0[BANK0 ] unsigned long 
 Registers used:
		wreg, status,2, status,0
 Tracked objects:
		On entry : 
		On exit  : 
		Unchanged: 
 Data sizes:     COMMON   BANK0   BANK1   BANK3   BANK2
      Params:         0       8       0       0       0
      Locals:         5       0       0       0       0
      Temps:          1       0       0       0       0
      Totals:         6       8       0       0       0
Total ram usage:       14 bytes
 Hardware stack levels used:    1
 Hardware stack levels required when called:    1
 This function calls:
		Nothing
 This function is called by:
		_sprintf
 This function uses a non-reentrant model


 *************** function ___lltoft *****************
 Defined at:
		line 35 in file "C:\Program Files (x86)\Microchip\xc8\v1.33\sources\common\lltoft.c"
 Parameters:    Size  Location     Type
  c               4    3[BANK0 ] unsigned long 
 Auto vars:     Size  Location     Type
  exp             1    7[BANK0 ] unsigned char 
 Return value:  Size  Location     Type
                  3    3[BANK0 ] float 
 Registers used:
		wreg, status,2, status,0, pclath, cstack
 Tracked objects:
		On entry : 
		On exit  : 
		Unchanged: 
 Data sizes:     COMMON   BANK0   BANK1   BANK3   BANK2
      Params:         0       4       0       0       0
      Locals:         0       1       0       0       0
      Temps:          1       0       0       0       0
      Totals:         1       5       0       0       0
Total ram usage:        6 bytes
 Hardware stack levels used:    1
 Hardware stack levels required when called:    2
 This function calls:
		___ftpack
 This function is called by:
		_ftoa
 This function uses a non-reentrant model


 *************** function ___fttol *****************
 Defined at:
		line 44 in file "C:\Program Files (x86)\Microchip\xc8\v1.33\sources\common\fttol.c"
 Parameters:    Size  Location     Type
  f1              3   22[BANK0 ] float 
 Auto vars:     Size  Location     Type
  lval            4   31[BANK0 ] unsigned long 
  exp1            1   35[BANK0 ] unsigned char 
  sign1           1   30[BANK0 ] unsigned char 
 Return value:  Size  Location     Type
                  4   22[BANK0 ] long 
 Registers used:
		wreg, status,2, status,0
 Tracked objects:
		On entry : 
		On exit  : 
		Unchanged: 
 Data sizes:     COMMON   BANK0   BANK1   BANK3   BANK2
      Params:         0       4       0       0       0
      Locals:         0       6       0       0       0
      Temps:          0       4       0       0       0
      Totals:         0      14       0       0       0
Total ram usage:       14 bytes
 Hardware stack levels used:    1
 Hardware stack levels required when called:    1
 This function calls:
		Nothing
 This function is called by:
		_ftoa
 This function uses a non-reentrant model


 *************** function ___ftsub *****************
 Defined at:
		line 18 in file "C:\Program Files (x86)\Microchip\xc8\v1.33\sources\common\ftsub.c"
 Parameters:    Size  Location     Type
  f2              3   16[BANK0 ] float 
  f1              3   19[BANK0 ] float 
 Auto vars:     Size  Location     Type
		None
 Return value:  Size  Location     Type
                  3   16[BANK0 ] float 
 Registers used:
		wreg, status,2, status,0, pclath, cstack
 Tracked objects:
		On entry : 
		On exit  : 
		Unchanged: 
 Data sizes:     COMMON   BANK0   BANK1   BANK3   BANK2
      Params:         0       6       0       0       0
      Locals:         0       0       0       0       0
      Temps:          0       0       0       0       0
      Totals:         0       6       0       0       0
Total ram usage:        6 bytes
 Hardware stack levels used:    1
 Hardware stack levels required when called:    3
 This function calls:
		___ftadd
 This function is called by:
		_ftoa
 This function uses a non-reentrant model


 *************** function ___ftadd *****************
 Defined at:
		line 86 in file "C:\Program Files (x86)\Microchip\xc8\v1.33\sources\common\ftadd.c"
 Parameters:    Size  Location     Type
  f1              3    3[BANK0 ] float 
  f2              3    6[BANK0 ] float 
 Auto vars:     Size  Location     Type
  exp1            1   15[BANK0 ] unsigned char 
  exp2            1   14[BANK0 ] unsigned char 
  sign            1   13[BANK0 ] unsigned char 
 Return value:  Size  Location     Type
                  3    3[BANK0 ] float 
 Registers used:
		wreg, status,2, status,0, pclath, cstack
 Tracked objects:
		On entry : 
		On exit  : 
		Unchanged: 
 Data sizes:     COMMON   BANK0   BANK1   BANK3   BANK2
      Params:         0       6       0       0       0
      Locals:         0       3       0       0       0
      Temps:          0       4       0       0       0
      Totals:         0      13       0       0       0
Total ram usage:       13 bytes
 Hardware stack levels used:    1
 Hardware stack levels required when called:    2
 This function calls:
		___ftpack
 This function is called by:
		___ftsub
 This function uses a non-reentrant model


 *************** function ___ftneg *****************
 Defined at:
		line 15 in file "C:\Program Files (x86)\Microchip\xc8\v1.33\sources\common\ftneg.c"
 Parameters:    Size  Location     Type
  f1              3    4[COMMON] float 
 Auto vars:     Size  Location     Type
		None
 Return value:  Size  Location     Type
                  3    4[COMMON] float 
 Registers used:
		wreg
 Tracked objects:
		On entry : 
		On exit  : 
		Unchanged: 
 Data sizes:     COMMON   BANK0   BANK1   BANK3   BANK2
      Params:         3       0       0       0       0
      Locals:         0       0       0       0       0
      Temps:          0       0       0       0       0
      Totals:         3       0       0       0       0
Total ram usage:        3 bytes
 Hardware stack levels used:    1
 Hardware stack levels required when called:    1
 This function calls:
		Nothing
 This function is called by:
		_ftoa
 This function uses a non-reentrant model


 *************** function ___ftmul *****************
 Defined at:
		line 62 in file "C:\Program Files (x86)\Microchip\xc8\v1.33\sources\common\ftmul.c"
 Parameters:    Size  Location     Type
  f1              3    6[BANK0 ] float 
  f2              3    9[BANK0 ] float 
 Auto vars:     Size  Location     Type
  f3_as_produc    3   17[BANK0 ] unsigned um
  sign            1   21[BANK0 ] unsigned char 
  cntr            1   20[BANK0 ] unsigned char 
  exp             1   16[BANK0 ] unsigned char 
 Return value:  Size  Location     Type
                  3    6[BANK0 ] float 
 Registers used:
		wreg, status,2, status,0, pclath, cstack
 Tracked objects:
		On entry : 
		On exit  : 
		Unchanged: 
 Data sizes:     COMMON   BANK0   BANK1   BANK3   BANK2
      Params:         0       6       0       0       0
      Locals:         0       6       0       0       0
      Temps:          0       4       0       0       0
      Totals:         0      16       0       0       0
Total ram usage:       16 bytes
 Hardware stack levels used:    1
 Hardware stack levels required when called:    2
 This function calls:
		___ftpack
 This function is called by:
		_main
		_ftoa
 This function uses a non-reentrant model


 *************** function ___ftge *****************
 Defined at:
		line 4 in file "C:\Program Files (x86)\Microchip\xc8\v1.33\sources\common\ftge.c"
 Parameters:    Size  Location     Type
  ff1             3    4[COMMON] float 
  ff2             3    7[COMMON] float 
 Auto vars:     Size  Location     Type
		None
 Return value:  Size  Location     Type
		None               void
 Registers used:
		wreg, status,2, status,0
 Tracked objects:
		On entry : 
		On exit  : 
		Unchanged: 
 Data sizes:     COMMON   BANK0   BANK1   BANK3   BANK2
      Params:         6       0       0       0       0
      Locals:         0       0       0       0       0
      Temps:          0       6       0       0       0
      Totals:         6       6       0       0       0
Total ram usage:       12 bytes
 Hardware stack levels used:    1
 Hardware stack levels required when called:    1
 This function calls:
		Nothing
 This function is called by:
		_ftoa
 This function uses a non-reentrant model


 *************** function ___lwtoft *****************
 Defined at:
		line 28 in file "C:\Program Files (x86)\Microchip\xc8\v1.33\sources\common\lwtoft.c"
 Parameters:    Size  Location     Type
  c               2    3[BANK0 ] unsigned int 
 Auto vars:     Size  Location     Type
		None
 Return value:  Size  Location     Type
                  3    3[BANK0 ] float 
 Registers used:
		wreg, status,2, status,0, pclath, cstack
 Tracked objects:
		On entry : 
		On exit  : 
		Unchanged: 
 Data sizes:     COMMON   BANK0   BANK1   BANK3   BANK2
      Params:         0       3       0       0       0
      Locals:         0       0       0       0       0
      Temps:          1       0       0       0       0
      Totals:         1       3       0       0       0
Total ram usage:        4 bytes
 Hardware stack levels used:    1
 Hardware stack levels required when called:    2
 This function calls:
		___ftpack
 This function is called by:
		_main
 This function uses a non-reentrant model


 *************** function ___ftpack *****************
 Defined at:
		line 62 in file "C:\Program Files (x86)\Microchip\xc8\v1.33\sources\common\float.c"
 Parameters:    Size  Location     Type
  arg             3    4[COMMON] unsigned um
  exp             1    7[COMMON] unsigned char 
  sign            1    8[COMMON] unsigned char 
 Auto vars:     Size  Location     Type
		None
 Return value:  Size  Location     Type
                  3    4[COMMON] float 
 Registers used:
		wreg, status,2, status,0
 Tracked objects:
		On entry : 
		On exit  : 
		Unchanged: 
 Data sizes:     COMMON   BANK0   BANK1   BANK3   BANK2
      Params:         5       0       0       0       0
      Locals:         0       0       0       0       0
      Temps:          0       3       0       0       0
      Totals:         5       3       0       0       0
Total ram usage:        8 bytes
 Hardware stack levels used:    1
 Hardware stack levels required when called:    1
 This function calls:
		Nothing
 This function is called by:
		___ftadd
		___ftmul
		___lltoft
		___lwtoft
 This function uses a non-reentrant model


 *************** function _LCD_WriteString *****************
 Defined at:
		line 78 in file "C:\Users\Ricardo\Desktop\Trabalho Final Micro\mplab\final.c"
 Parameters:    Size  Location     Type
  Str             2    6[COMMON] PTR const unsigned char 
		 -> NULL(0), ftoa@buf(17), STR_1(17), 
 Auto vars:     Size  Location     Type
		None
 Return value:  Size  Location     Type
		None               void
 Registers used:
		wreg, fsr0l, fsr0h, status,2, status,0, btemp+1, pclath, cstack
 Tracked objects:
		On entry : 
		On exit  : 
		Unchanged: 
 Data sizes:     COMMON   BANK0   BANK1   BANK3   BANK2
      Params:         2       0       0       0       0
      Locals:         0       0       0       0       0
      Temps:          0       0       0       0       0
      Totals:         2       0       0       0       0
Total ram usage:        2 bytes
 Hardware stack levels used:    1
 Hardware stack levels required when called:    2
 This function calls:
		_LCD_WriteData
 This function is called by:
		_main
 This function uses a non-reentrant model


 *************** function _LCD_WriteData *****************
 Defined at:
		line 64 in file "C:\Users\Ricardo\Desktop\Trabalho Final Micro\mplab\final.c"
 Parameters:    Size  Location     Type
  Byte            1    wreg     unsigned char 
 Auto vars:     Size  Location     Type
  Byte            1    5[COMMON] unsigned char 
 Return value:  Size  Location     Type
		None               void
 Registers used:
		wreg
 Tracked objects:
		On entry : 
		On exit  : 
		Unchanged: 
 Data sizes:     COMMON   BANK0   BANK1   BANK3   BANK2
      Params:         0       0       0       0       0
      Locals:         1       0       0       0       0
      Temps:          1       0       0       0       0
      Totals:         2       0       0       0       0
Total ram usage:        2 bytes
 Hardware stack levels used:    1
 Hardware stack levels required when called:    1
 This function calls:
		Nothing
 This function is called by:
		_LCD_WriteString
 This function uses a non-reentrant model


 *************** function _LCD_Init *****************
 Defined at:
		line 108 in file "C:\Users\Ricardo\Desktop\Trabalho Final Micro\mplab\final.c"
 Parameters:    Size  Location     Type
		None
 Auto vars:     Size  Location     Type
		None
 Return value:  Size  Location     Type
		None               void
 Registers used:
		wreg, status,2, status,0, pclath, cstack
 Tracked objects:
		On entry : 
		On exit  : 
		Unchanged: 
 Data sizes:     COMMON   BANK0   BANK1   BANK3   BANK2
      Params:         0       0       0       0       0
      Locals:         0       0       0       0       0
      Temps:          2       0       0       0       0
      Totals:         2       0       0       0       0
Total ram usage:        2 bytes
 Hardware stack levels used:    1
 Hardware stack levels required when called:    2
 This function calls:
		_LCD_WriteCmd
 This function is called by:
		_main
 This function uses a non-reentrant model


 *************** function _LCD_Cursor *****************
 Defined at:
		line 27 in file "C:\Users\Ricardo\Desktop\Trabalho Final Micro\mplab\final.c"
 Parameters:    Size  Location     Type
  Row             1    wreg     unsigned char 
  Col             1    4[COMMON] unsigned char 
 Auto vars:     Size  Location     Type
  Row             1    6[COMMON] unsigned char 
 Return value:  Size  Location     Type
		None               void
 Registers used:
		wreg, status,2, status,0
 Tracked objects:
		On entry : 
		On exit  : 
		Unchanged: 
 Data sizes:     COMMON   BANK0   BANK1   BANK3   BANK2
      Params:         1       0       0       0       0
      Locals:         1       0       0       0       0
      Temps:          1       0       0       0       0
      Totals:         3       0       0       0       0
Total ram usage:        3 bytes
 Hardware stack levels used:    1
 Hardware stack levels required when called:    1
 This function calls:
		Nothing
 This function is called by:
		_main
 This function uses a non-reentrant model


 *************** function _LCD_Clear *****************
 Defined at:
		line 92 in file "C:\Users\Ricardo\Desktop\Trabalho Final Micro\mplab\final.c"
 Parameters:    Size  Location     Type
		None
 Auto vars:     Size  Location     Type
		None
 Return value:  Size  Location     Type
		None               void
 Registers used:
		wreg, status,2, status,0, pclath, cstack
 Tracked objects:
		On entry : 
		On exit  : 
		Unchanged: 
 Data sizes:     COMMON   BANK0   BANK1   BANK3   BANK2
      Params:         0       0       0       0       0
      Locals:         0       0       0       0       0
      Temps:          2       0       0       0       0
      Totals:         2       0       0       0       0
Total ram usage:        2 bytes
 Hardware stack levels used:    1
 Hardware stack levels required when called:    2
 This function calls:
		_LCD_WriteCmd
 This function is called by:
		_main
 This function uses a non-reentrant model


 *************** function _LCD_WriteCmd *****************
 Defined at:
		line 49 in file "C:\Users\Ricardo\Desktop\Trabalho Final Micro\mplab\final.c"
 Parameters:    Size  Location     Type
  Byte            1    wreg     unsigned char 
 Auto vars:     Size  Location     Type
  Byte            1    5[COMMON] unsigned char 
 Return value:  Size  Location     Type
		None               void
 Registers used:
		wreg
 Tracked objects:
		On entry : 
		On exit  : 
		Unchanged: 
 Data sizes:     COMMON   BANK0   BANK1   BANK3   BANK2
      Params:         0       0       0       0       0
      Locals:         1       0       0       0       0
      Temps:          1       0       0       0       0
      Totals:         2       0       0       0       0
Total ram usage:        2 bytes
 Hardware stack levels used:    1
 Hardware stack levels required when called:    1
 This function calls:
		Nothing
 This function is called by:
		_LCD_Clear
		_LCD_Init
 This function uses a non-reentrant model


 *************** function _ADC_Read *****************
 Defined at:
		line 188 in file "C:\Users\Ricardo\Desktop\Trabalho Final Micro\mplab\final.c"
 Parameters:    Size  Location     Type
  channel         2    4[COMMON] unsigned short 
 Auto vars:     Size  Location     Type
		None
 Return value:  Size  Location     Type
		None               void
 Registers used:
		wreg, status,2, status,0
 Tracked objects:
		On entry : 
		On exit  : 
		Unchanged: 
 Data sizes:     COMMON   BANK0   BANK1   BANK3   BANK2
      Params:         2       0       0       0       0
      Locals:         0       0       0       0       0
      Temps:          1       0       0       0       0
      Totals:         3       0       0       0       0
Total ram usage:        3 bytes
 Hardware stack levels used:    1
 Hardware stack levels required when called:    1
 This function calls:
		Nothing
 This function is called by:
		_main
 This function uses a non-reentrant model


 *************** function _ADC_Init *****************
 Defined at:
		line 168 in file "C:\Users\Ricardo\Desktop\Trabalho Final Micro\mplab\final.c"
 Parameters:    Size  Location     Type
		None
 Auto vars:     Size  Location     Type
		None
 Return value:  Size  Location     Type
		None               void
 Registers used:
		None
 Tracked objects:
		On entry : 
		On exit  : 
		Unchanged: 
 Data sizes:     COMMON   BANK0   BANK1   BANK3   BANK2
      Params:         0       0       0       0       0
      Locals:         0       0       0       0       0
      Temps:          0       0       0       0       0
      Totals:         0       0       0       0       0
Total ram usage:        0 bytes
 Hardware stack levels used:    1
 Hardware stack levels required when called:    1
 This function calls:
		Nothing
 This function is called by:
		_main
 This function uses a non-reentrant model


 *************** function _ISR *****************
 Defined at:
		line 203 in file "C:\Users\Ricardo\Desktop\Trabalho Final Micro\mplab\final.c"
 Parameters:    Size  Location     Type
		None
 Auto vars:     Size  Location     Type
		None
 Return value:  Size  Location     Type
		None               void
 Registers used:
		wreg
 Tracked objects:
		On entry : 
		On exit  : 
		Unchanged: 
 Data sizes:     COMMON   BANK0   BANK1   BANK3   BANK2
      Params:         0       0       0       0       0
      Locals:         0       0       0       0       0
      Temps:          4       0       0       0       0
      Totals:         4       0       0       0       0
Total ram usage:        4 bytes
 Hardware stack levels used:    1
 This function calls:
		Nothing
 This function is called by:
		Interrupt level 1
 This function uses a non-reentrant model



MODULE INFORMATION

Module		Function		Class		Link	Load	Size
C:\Program Files (x86)\Microchip\xc8\v1.33\sources\common\ftneg.c
		___ftneg       		CODE           	0E26	0000	8

C:\Program Files (x86)\Microchip\xc8\v1.33\sources\common\ftneg.c estimated size: 8

C:\Program Files (x86)\Microchip\xc8\v1.33\sources\common\ftge.c
		___ftge        		CODE           	06F5	0000	97

C:\Program Files (x86)\Microchip\xc8\v1.33\sources\common\ftge.c estimated size: 97

C:\Program Files (x86)\Microchip\xc8\v1.33\sources\common\doprnt.c
		_sprintf       		CODE           	0028	0000	572

C:\Program Files (x86)\Microchip\xc8\v1.33\sources\common\doprnt.c estimated size: 572

C:\Program Files (x86)\Microchip\xc8\v1.33\sources\common\ftsub.c
		___ftsub       		CODE           	0EAE	0000	28

C:\Program Files (x86)\Microchip\xc8\v1.33\sources\common\ftsub.c estimated size: 28

C:\Program Files (x86)\Microchip\xc8\v1.33\sources\common\float.c
		___ftpack      		CODE           	0687	0000	110

C:\Program Files (x86)\Microchip\xc8\v1.33\sources\common\float.c estimated size: 110

C:\Program Files (x86)\Microchip\xc8\v1.33\sources\common\Umul16.c
		___wmul        		CODE           	0F10	0000	35

C:\Program Files (x86)\Microchip\xc8\v1.33\sources\common\Umul16.c estimated size: 35

C:\Program Files (x86)\Microchip\xc8\v1.33\sources\common\llmod.c
		___llmod       		CODE           	0F5B	0000	78

C:\Program Files (x86)\Microchip\xc8\v1.33\sources\common\llmod.c estimated size: 78

C:\Program Files (x86)\Microchip\xc8\v1.33\sources\common\ftmul.c
		___ftmul       		CODE           	046C	0000	211

C:\Program Files (x86)\Microchip\xc8\v1.33\sources\common\ftmul.c estimated size: 211

C:\Program Files (x86)\Microchip\xc8\v1.33\sources\common\lldiv.c
		___lldiv       		CODE           	0756	0000	96

C:\Program Files (x86)\Microchip\xc8\v1.33\sources\common\lldiv.c estimated size: 96

shared
		__stringtab    		STRING         	0800	0000	16
		__stringdata   		STRING         	0838	0000	28
		_dpowers       		STRING         	0810	0000	40
		__initializatio		CODE           	0015	0000	15

shared estimated size: 99

C:\Program Files (x86)\Microchip\xc8\v1.33\sources\common\strlen.c
		_strlen        		CODE           	0F33	0000	40

C:\Program Files (x86)\Microchip\xc8\v1.33\sources\common\strlen.c estimated size: 40

C:\Program Files (x86)\Microchip\xc8\v1.33\sources\common\fttol.c
		___fttol       		CODE           	05F9	0000	142

C:\Program Files (x86)\Microchip\xc8\v1.33\sources\common\fttol.c estimated size: 142

C:\Program Files (x86)\Microchip\xc8\v1.33\sources\common\ftadd.c
		___ftadd       		CODE           	0264	0000	265

C:\Program Files (x86)\Microchip\xc8\v1.33\sources\common\ftadd.c estimated size: 265

C:\Users\Ricardo\Desktop\Trabalho Final Micro\mplab\final.c
		_LCD_Init      		CODE           	0FA9	0000	87
		_ISR           		CODE           	0E36	0000	12
		_main          		CODE           	036D	0000	255
		_LCD_WriteStrin		CODE           	0EED	0000	35
		_LCD_Clear     		CODE           	0ECA	0000	35
		_LCD_Cursor    		CODE           	0E80	0000	22
		_ADC_Read      		CODE           	0E96	0000	24
		_LCD_WriteCmd  		CODE           	0E50	0000	15
		_ADC_Init      		CODE           	0E6E	0000	18
		_LCD_WriteData 		CODE           	0E5F	0000	15

C:\Users\Ricardo\Desktop\Trabalho Final Micro\mplab\final.c estimated size: 518

C:\Program Files (x86)\Microchip\xc8\v1.33\sources\common\ftoa.c
		_ftoa          		CODE           	053F	0000	186

C:\Program Files (x86)\Microchip\xc8\v1.33\sources\common\ftoa.c estimated size: 186

C:\Program Files (x86)\Microchip\xc8\v1.33\sources\common\lwtoft.c
		___lwtoft      		CODE           	07E5	0000	24

C:\Program Files (x86)\Microchip\xc8\v1.33\sources\common\lwtoft.c estimated size: 24

C:\Program Files (x86)\Microchip\xc8\v1.33\sources\common\lltoft.c
		___lltoft      		CODE           	07B6	0000	47

C:\Program Files (x86)\Microchip\xc8\v1.33\sources\common\lltoft.c estimated size: 47

C:\Program Files (x86)\Microchip\xc8\v1.33\sources\common\isdigit.c
		_isdigit       		CODE           	0E42	0000	14

C:\Program Files (x86)\Microchip\xc8\v1.33\sources\common\isdigit.c estimated size: 14

